<area shape="rect" href="$class__yaml___1_1events_1_1CollectionEndEvent.html" title="{_yaml_::events::CollectionEndEvent\n||}" alt="" coords="508,31,812,57">
<area shape="rect" href="$class__yaml___1_1events_1_1DocumentEndEvent.html" title="{_yaml_::events::DocumentEndEvent\n|+ start_mark\l+ end_mark\l+ explicit\l|+ __init__()\l}" alt="" coords="432,81,888,143">
<area shape="rect" href="$class__yaml___1_1events_1_1DocumentStartEvent.html" title="{_yaml_::events::DocumentStartEvent\n|+ start_mark\l+ end_mark\l+ explicit\l+ version\l+ tags\l|+ __init__()\l}" alt="" coords="428,167,892,263">
<area shape="rect" href="$class__yaml___1_1events_1_1NodeEvent.html" title="{_yaml_::events::NodeEvent\n|+ anchor\l+ start_mark\l+ end_mark\l|+ __init__()\l}" alt="" coords="461,287,859,348">
<area shape="rect" href="$class__yaml___1_1events_1_1StreamEndEvent.html" title="{_yaml_::events::StreamEndEvent\n||}" alt="" coords="515,372,805,399">
<area shape="rect" href="$class__yaml___1_1events_1_1StreamStartEvent.html" title="{_yaml_::events::StreamStartEvent\n|+ start_mark\l+ end_mark\l+ encoding\l|+ __init__()\l}" alt="" coords="437,423,883,484">
<area shape="rect" href="$class__yaml___1_1events_1_1MappingEndEvent.html" title="{_yaml_::events::MappingEndEvent\n||}" alt="" coords="1024,5,1320,32">
<area shape="rect" href="$class__yaml___1_1events_1_1SequenceEndEvent.html" title="{_yaml_::events::SequenceEndEvent\n||}" alt="" coords="1020,56,1324,83">
<area shape="rect" href="$class__yaml___1_1events_1_1AliasEvent.html" title="{_yaml_::events::AliasEvent\n||}" alt="" coords="1049,209,1295,236">
<area shape="rect" href="$class__yaml___1_1events_1_1CollectionStartEvent.html" title="{_yaml_::events::CollectionStartEvent\n|+ anchor\l+ tag\l+ implicit\l+ start_mark\l+ end_mark\l+ flow_style\l|+ __init__()\l}" alt="" coords="943,260,1401,375">
<area shape="rect" href="$class__yaml___1_1events_1_1ScalarEvent.html" title="{_yaml_::events::ScalarEvent\n|+ anchor\l+ tag\l+ implicit\l+ value\l+ start_mark\l+ end_mark\l+ style\l|+ __init__()\l}" alt="" coords="971,399,1373,529">
<area shape="rect" href="$class__yaml___1_1events_1_1MappingStartEvent.html" title="{_yaml_::events::MappingStartEvent\n||}" alt="" coords="1456,279,1760,305">
<area shape="rect" href="$class__yaml___1_1events_1_1SequenceStartEvent.html" title="{_yaml_::events::SequenceStartEvent\n||}" alt="" coords="1452,329,1764,356">
