<area shape="rect" href="$classapp_1_1floorplanner_1_1floorplanner_1_1Floorplanner.html" title="{app::floorplanner::floorplanner::Floorplanner\n||+ __init__()\l+ createPop()\l+ decodePlan()\l+ roomDims()\l+ fitness()\l+ draw()\l+ paramSpace()\l+ preFitnessEval()\l+ postFitnessEval()\l}" alt="" coords="449,5,924,171">
<area shape="rect" href="$classapp_1_1frogger_1_1frogger_1_1Frogger.html" title="{app::frogger::frogger::Frogger\n|+ geneLen\l|+ __init__()\l+ draw()\l}" alt="" coords="488,195,885,240">
<area shape="rect" href="$classapp_1_1funcopt_1_1funcopt_1_1Funcopt.html" title="{app::funcopt::funcopt::Funcopt\n||+ __init__()\l+ fitness()\l+ report()\l}" alt="" coords="519,264,855,325">
<area shape="rect" href="$classapp_1_1glapp_1_1glapp_1_1Glapp.html" title="{app::glapp::glapp::Glapp\n||+ __init__()\l+ fitness()\l+ draw()\l+ report()\l}" alt="" coords="540,349,833,429">
<area shape="rect" href="$classapp_1_1mesh_1_1mesh_1_1Mesh.html" title="{app::mesh::mesh::Mesh\n||+ __init__()\l+ fitness()\l+ draw()\l+ report()\l}" alt="" coords="540,453,833,533">
<area shape="rect" href="$classapp_1_1test_1_1test_1_1Test.html" title="{app::test::test::Test\n|+ geneLen\l|+ __init__()\l+ fitness()\l+ draw()\l+ report()\l}" alt="" coords="523,557,851,637">
<area shape="rect" href="$classapp_1_1xulgui_1_1xulgui_1_1Xulgui.html" title="{app::xulgui::xulgui::Xulgui\n|+ geneLen\l+ bits\l+ fout\l+ uiWidgets\l+ maxDist\l+ objMax\l+ objMin\l+ objScaleMax\l+ objScaleMin\l+ gridSize\l+ subjMax\l+ subjMin\l+ subjScaleMax\l+ subjScaleMin\l+ ELEMENT_NODE\l+ gridLen\l+ widgetNum\l+ elementNodes\l|+ __init__()\l+ createPop()\l+ fitness()\l+ draw()\l+ report()\l+ test()\l+ close()\l+ decode()\l+ paramSpace()\l}" alt="" coords="457,661,916,984">
