<area shape="rect" href="$class__yaml___1_1constructor_1_1SafeConstructor.html" title="{_yaml_::constructor::SafeConstructor\n|+ bool_values\l+ inf_value\l+ nan_value\l+ timestamp_regexp\l|+ construct_scalar()\l+ flatten_mapping()\l+ construct_mapping()\l+ construct_yaml_null()\l+ construct_yaml_bool()\l+ construct_yaml_int()\l+ construct_yaml_float()\l+ construct_yaml_binary()\l+ construct_yaml_timestamp()\l+ construct_yaml_omap()\l+ construct_yaml_pairs()\l+ construct_yaml_set()\l+ construct_yaml_str()\l+ construct_yaml_seq()\l+ construct_yaml_map()\l+ construct_yaml_object()\l+ construct_undefined()\l}" alt="" coords="701,144,1347,448">
<area shape="rect" href="$class__yaml___1_1cyaml_1_1CBaseLoader.html" title="{_yaml_::cyaml::CBaseLoader\n||+ __init__()\l}" alt="" coords="861,472,1187,499">
<area shape="rect" href="$class__yaml___1_1loader_1_1BaseLoader.html" title="{_yaml_::loader::BaseLoader\n||+ __init__()\l}" alt="" coords="865,523,1183,549">
<area shape="rect" href="$class__yaml___1_1constructor_1_1Constructor.html" title="{_yaml_::constructor::Constructor\n||+ construct_python_str()\l+ construct_python_unicode()\l+ construct_python_long()\l+ construct_python_complex()\l+ construct_python_tuple()\l+ find_python_module()\l+ find_python_name()\l+ construct_python_name()\l+ construct_python_module()\l+ make_python_instance()\l+ set_python_instance_state()\l+ construct_python_object()\l+ construct_python_object_apply()\l+ construct_python_object_new()\l}" alt="" coords="1395,5,1899,259">
<area shape="rect" href="$class__yaml___1_1cyaml_1_1CSafeLoader.html" title="{_yaml_::cyaml::CSafeLoader\n||+ __init__()\l}" alt="" coords="1484,283,1809,309">
<area shape="rect" href="$class__yaml___1_1loader_1_1SafeLoader.html" title="{_yaml_::loader::SafeLoader\n||+ __init__()\l}" alt="" coords="1489,333,1804,360">
<area shape="rect" href="$class__yaml___1_1cyaml_1_1CLoader.html" title="{_yaml_::cyaml::CLoader\n||+ __init__()\l}" alt="" coords="1948,93,2241,120">
<area shape="rect" href="$class__yaml___1_1loader_1_1Loader.html" title="{_yaml_::loader::Loader\n||+ __init__()\l}" alt="" coords="1952,144,2237,171">
