<area shape="rect" href="$class__yaml___1_1cyaml_1_1CLoader.html" title="{_yaml_::cyaml::CLoader\n||+ __init__()\l}" alt="" coords="5,1252,181,1335">
<area shape="rect" href="$class__yaml___1_1loader_1_1Loader.html" title="{_yaml_::loader::Loader\n||+ __init__()\l}" alt="" coords="205,1252,373,1335">
<area shape="rect" href="$class__yaml___1_1constructor_1_1SafeConstructor.html" title="{_yaml_::constructor::SafeConstructor\n|+ bool_values\l+ inf_value\l+ nan_value\l+ timestamp_regexp\l|+ construct_scalar()\l+ flatten_mapping()\l+ construct_mapping()\l+ construct_yaml_null()\l+ construct_yaml_bool()\l+ construct_yaml_int()\l+ construct_yaml_float()\l+ construct_yaml_binary()\l+ construct_yaml_timestamp()\l+ construct_yaml_omap()\l+ construct_yaml_pairs()\l+ construct_yaml_set()\l+ construct_yaml_str()\l+ construct_yaml_seq()\l+ construct_yaml_map()\l+ construct_yaml_object()\l+ construct_undefined()\l}" alt="" coords="59,432,323,845">
<area shape="rect" href="$class__yaml___1_1constructor_1_1BaseConstructor.html" title="{_yaml_::constructor::BaseConstructor\n|+ constructed_objects\l+ recursive_objects\l+ state_generators\l+ deep_construct\l+ yaml_constructors\l+ yaml_multi_constructors\l+ add_constructor\l+ add_multi_constructor\l|+ __init__()\l+ check_data()\l+ get_data()\l+ construct_document()\l+ construct_object()\l+ construct_scalar()\l+ construct_sequence()\l+ construct_mapping()\l+ construct_pairs()\l+ add_constructor()\l+ add_multi_constructor()\l}" alt="" coords="59,5,323,384">
