<area shape="rect" href="$class__yaml___1_1cyaml_1_1CDumper.html" title="{_yaml_::cyaml::CDumper\n||+ __init__()\l}" alt="" coords="985,5,1287,32">
<area shape="rect" href="$class__yaml___1_1cyaml_1_1CLoader.html" title="{_yaml_::cyaml::CLoader\n||+ __init__()\l}" alt="" coords="989,56,1283,83">
<area shape="rect" href="$class__yaml___1_1cyaml_1_1CSafeDumper.html" title="{_yaml_::cyaml::CSafeDumper\n||+ __init__()\l}" alt="" coords="969,107,1303,133">
<area shape="rect" href="$class__yaml___1_1cyaml_1_1CSafeLoader.html" title="{_yaml_::cyaml::CSafeLoader\n||+ __init__()\l}" alt="" coords="973,157,1299,184">
<area shape="rect" href="$class__yaml___1_1dumper_1_1Dumper.html" title="{_yaml_::dumper::Dumper\n||+ __init__()\l}" alt="" coords="984,208,1288,235">
<area shape="rect" href="$class__yaml___1_1dumper_1_1SafeDumper.html" title="{_yaml_::dumper::SafeDumper\n||+ __init__()\l}" alt="" coords="969,259,1303,285">
<area shape="rect" href="$class__yaml___1_1loader_1_1Loader.html" title="{_yaml_::loader::Loader\n||+ __init__()\l}" alt="" coords="993,309,1279,336">
<area shape="rect" href="$class__yaml___1_1loader_1_1SafeLoader.html" title="{_yaml_::loader::SafeLoader\n||+ __init__()\l}" alt="" coords="979,360,1293,387">
<area shape="rect" href="$class__yaml___1_1resolver_1_1BaseResolver.html" title="{_yaml_::resolver::BaseResolver\n|+ resolver_exact_paths\l+ resolver_prefix_paths\l+ DEFAULT_SCALAR_TAG\l+ DEFAULT_SEQUENCE_TAG\l+ DEFAULT_MAPPING_TAG\l+ yaml_implicit_resolvers\l+ yaml_path_resolvers\l+ add_implicit_resolver\l+ add_path_resolver\l|+ __init__()\l+ add_implicit_resolver()\l+ add_path_resolver()\l+ descend_resolver()\l+ ascend_resolver()\l+ check_resolver_prefix()\l+ resolve()\l}" alt="" coords="7,113,628,279">
