<area shape="rect" href="$class__yaml___1_1representer_1_1SafeRepresenter.html" title="{_yaml_::representer::SafeRepresenter\n|+ inf_value\l|+ ignore_aliases()\l+ represent_none()\l+ represent_str()\l+ represent_unicode()\l+ represent_bool()\l+ represent_int()\l+ represent_long()\l+ represent_float()\l+ represent_list()\l+ represent_dict()\l+ represent_set()\l+ represent_date()\l+ represent_datetime()\l+ represent_yaml_object()\l+ represent_undefined()\l}" alt="" coords="5,433,275,759">
<area shape="rect" href="$class__yaml___1_1representer_1_1BaseRepresenter.html" title="{_yaml_::representer::BaseRepresenter\n|+ default_style\l+ default_flow_style\l+ represented_objects\l+ object_keeper\l+ alias_key\l+ yaml_representers\l+ yaml_multi_representers\l+ add_representer\l+ add_multi_representer\l|+ __init__()\l+ represent()\l+ get_classobj_bases()\l+ represent_data()\l+ add_representer()\l+ add_multi_representer()\l+ represent_scalar()\l+ represent_sequence()\l+ represent_mapping()\l+ ignore_aliases()\l}" alt="" coords="5,5,275,384">
