<area shape="rect" href="$class__yaml___1_1serializer_1_1Serializer.html" title="{_yaml_::serializer::Serializer\n|+ use_encoding\l+ use_explicit_start\l+ use_explicit_end\l+ use_version\l+ use_tags\l+ serialized_nodes\l+ anchors\l+ last_anchor_id\l+ closed\l+ last_alias_id\l+ ANCHOR_TEMPLATE\l|+ __init__()\l+ open()\l+ close()\l+ serialize()\l+ anchor_node()\l+ generate_anchor()\l+ serialize_node()\l}" alt="" coords="1385,5,1911,205">
<area shape="rect" href="$class__yaml___1_1representer_1_1Representer.html" title="{_yaml_::representer::Representer\n||+ represent_str()\l+ represent_unicode()\l+ represent_long()\l+ represent_complex()\l+ represent_tuple()\l+ represent_name()\l+ represent_module()\l+ represent_instance()\l+ represent_object()\l}" alt="" coords="1431,229,1865,395">
<area shape="rect" href="$class__yaml___1_1representer_1_1SafeRepresenter.html" title="{_yaml_::representer::SafeRepresenter\n|+ inf_value\l|+ ignore_aliases()\l+ represent_none()\l+ represent_str()\l+ represent_unicode()\l+ represent_bool()\l+ represent_int()\l+ represent_long()\l+ represent_float()\l+ represent_list()\l+ represent_dict()\l+ represent_set()\l+ represent_date()\l+ represent_datetime()\l+ represent_yaml_object()\l+ represent_undefined()\l}" alt="" coords="747,147,1301,416">
<area shape="rect" href="$class__yaml___1_1representer_1_1BaseRepresenter.html" title="{_yaml_::representer::BaseRepresenter\n|+ default_style\l+ default_flow_style\l+ represented_objects\l+ object_keeper\l+ alias_key\l+ yaml_representers\l+ yaml_multi_representers\l+ add_representer\l+ add_multi_representer\l|+ __init__()\l+ represent()\l+ get_classobj_bases()\l+ represent_data()\l+ add_representer()\l+ add_multi_representer()\l+ represent_scalar()\l+ represent_sequence()\l+ represent_mapping()\l+ ignore_aliases()\l}" alt="" coords="5,189,664,373">
<area shape="rect" href="$class__yaml___1_1resolver_1_1Resolver.html" title="{_yaml_::resolver::Resolver\n||}" alt="" coords="1528,449,1768,476">
<area shape="rect" href="$class__yaml___1_1resolver_1_1BaseResolver.html" title="{_yaml_::resolver::BaseResolver\n|+ resolver_exact_paths\l+ resolver_prefix_paths\l+ DEFAULT_SCALAR_TAG\l+ DEFAULT_SEQUENCE_TAG\l+ DEFAULT_MAPPING_TAG\l+ yaml_implicit_resolvers\l+ yaml_path_resolvers\l+ add_implicit_resolver\l+ add_path_resolver\l|+ __init__()\l+ add_implicit_resolver()\l+ add_path_resolver()\l+ descend_resolver()\l+ ascend_resolver()\l+ check_resolver_prefix()\l+ resolve()\l}" alt="" coords="713,440,1335,605">
