<area shape="rect" href="$class__yaml___1_1representer_1_1BaseRepresenter.html" title="{_yaml_::representer::BaseRepresenter\n|+ default_style\l+ default_flow_style\l+ represented_objects\l+ object_keeper\l+ alias_key\l+ yaml_representers\l+ yaml_multi_representers\l+ add_representer\l+ add_multi_representer\l|+ __init__()\l+ represent()\l+ get_classobj_bases()\l+ represent_data()\l+ add_representer()\l+ add_multi_representer()\l+ represent_scalar()\l+ represent_sequence()\l+ represent_mapping()\l+ ignore_aliases()\l}" alt="" coords="5,5,275,384">
<area shape="rect" href="$class__yaml___1_1resolver_1_1BaseResolver.html" title="{_yaml_::resolver::BaseResolver\n|+ resolver_exact_paths\l+ resolver_prefix_paths\l+ DEFAULT_SCALAR_TAG\l+ DEFAULT_SEQUENCE_TAG\l+ DEFAULT_MAPPING_TAG\l+ yaml_implicit_resolvers\l+ yaml_path_resolvers\l+ add_implicit_resolver\l+ add_path_resolver\l|+ __init__()\l+ add_implicit_resolver()\l+ add_path_resolver()\l+ descend_resolver()\l+ ascend_resolver()\l+ check_resolver_prefix()\l+ resolve()\l}" alt="" coords="299,32,520,357">
