<area shape="rect" href="$class__yaml___1_1cyaml_1_1CBaseDumper.html" title="{_yaml_::cyaml::CBaseDumper\n||+ __init__()\l}" alt="" coords="824,33,1157,60">
<area shape="rect" href="$class__yaml___1_1dumper_1_1BaseDumper.html" title="{_yaml_::dumper::BaseDumper\n||+ __init__()\l}" alt="" coords="823,84,1159,111">
<area shape="rect" href="$class__yaml___1_1representer_1_1SafeRepresenter.html" title="{_yaml_::representer::SafeRepresenter\n|+ inf_value\l|+ ignore_aliases()\l+ represent_none()\l+ represent_str()\l+ represent_unicode()\l+ represent_bool()\l+ represent_int()\l+ represent_long()\l+ represent_float()\l+ represent_list()\l+ represent_dict()\l+ represent_set()\l+ represent_date()\l+ represent_datetime()\l+ represent_yaml_object()\l+ represent_undefined()\l}" alt="" coords="713,135,1268,404">
<area shape="rect" href="$class__yaml___1_1cyaml_1_1CSafeDumper.html" title="{_yaml_::cyaml::CSafeDumper\n||+ __init__()\l}" alt="" coords="1368,205,1701,232">
<area shape="rect" href="$class__yaml___1_1dumper_1_1SafeDumper.html" title="{_yaml_::dumper::SafeDumper\n||+ __init__()\l}" alt="" coords="1368,256,1701,283">
<area shape="rect" href="$class__yaml___1_1representer_1_1Representer.html" title="{_yaml_::representer::Representer\n||+ represent_str()\l+ represent_unicode()\l+ represent_long()\l+ represent_complex()\l+ represent_tuple()\l+ represent_name()\l+ represent_module()\l+ represent_instance()\l+ represent_object()\l}" alt="" coords="1317,307,1752,472">
<area shape="rect" href="$class__yaml___1_1cyaml_1_1CDumper.html" title="{_yaml_::cyaml::CDumper\n||+ __init__()\l}" alt="" coords="1801,351,2103,377">
<area shape="rect" href="$class__yaml___1_1dumper_1_1Dumper.html" title="{_yaml_::dumper::Dumper\n||+ __init__()\l}" alt="" coords="1800,401,2104,428">
