<area shape="rect" href="$class__yaml___1_1cyaml_1_1CSafeDumper.html" title="{_yaml_::cyaml::CSafeDumper\n||+ __init__()\l}" alt="" coords="1368,76,1701,103">
<area shape="rect" href="$class__yaml___1_1dumper_1_1SafeDumper.html" title="{_yaml_::dumper::SafeDumper\n||+ __init__()\l}" alt="" coords="1368,127,1701,153">
<area shape="rect" href="$class__yaml___1_1representer_1_1Representer.html" title="{_yaml_::representer::Representer\n||+ represent_str()\l+ represent_unicode()\l+ represent_long()\l+ represent_complex()\l+ represent_tuple()\l+ represent_name()\l+ represent_module()\l+ represent_instance()\l+ represent_object()\l}" alt="" coords="1317,177,1752,343">
<area shape="rect" href="$class__yaml___1_1representer_1_1BaseRepresenter.html" title="{_yaml_::representer::BaseRepresenter\n|+ default_style\l+ default_flow_style\l+ represented_objects\l+ object_keeper\l+ alias_key\l+ yaml_representers\l+ yaml_multi_representers\l+ add_representer\l+ add_multi_representer\l|+ __init__()\l+ represent()\l+ get_classobj_bases()\l+ represent_data()\l+ add_representer()\l+ add_multi_representer()\l+ represent_scalar()\l+ represent_sequence()\l+ represent_mapping()\l+ ignore_aliases()\l}" alt="" coords="5,48,664,232">
<area shape="rect" href="$class__yaml___1_1cyaml_1_1CDumper.html" title="{_yaml_::cyaml::CDumper\n||+ __init__()\l}" alt="" coords="1801,221,2103,248">
<area shape="rect" href="$class__yaml___1_1dumper_1_1Dumper.html" title="{_yaml_::dumper::Dumper\n||+ __init__()\l}" alt="" coords="1800,272,2104,299">
