<area shape="rect" href="$class__yaml___1_1emitter_1_1EmitterError.html" title="{_yaml_::emitter::EmitterError\n||}" alt="" coords="387,5,651,32">
<area shape="rect" href="$class__yaml___1_1error_1_1MarkedYAMLError.html" title="{_yaml_::error::MarkedYAMLError\n|+ context\l+ context_mark\l+ problem\l+ problem_mark\l+ note\l|+ __init__()\l+ __str__()\l}" alt="" coords="292,56,745,152">
<area shape="rect" href="$class__yaml___1_1reader_1_1ReaderError.html" title="{_yaml_::reader::ReaderError\n|+ name\l+ character\l+ position\l+ encoding\l+ reason\l|+ __init__()\l+ __str__()\l}" alt="" coords="321,176,716,272">
<area shape="rect" href="$class__yaml___1_1representer_1_1RepresenterError.html" title="{_yaml_::representer::RepresenterError\n||}" alt="" coords="357,296,680,323">
<area shape="rect" href="$class__yaml___1_1resolver_1_1ResolverError.html" title="{_yaml_::resolver::ResolverError\n||}" alt="" coords="381,347,656,373">
<area shape="rect" href="$class__yaml___1_1serializer_1_1SerializerError.html" title="{_yaml_::serializer::SerializerError\n||}" alt="" coords="379,397,659,424">
<area shape="rect" href="$class__yaml___1_1composer_1_1ComposerError.html" title="{_yaml_::composer::ComposerError\n||}" alt="" coords="804,15,1103,41">
<area shape="rect" href="$class__yaml___1_1constructor_1_1ConstructorError.html" title="{_yaml_::constructor::ConstructorError\n||}" alt="" coords="795,65,1112,92">
<area shape="rect" href="$class__yaml___1_1parser_1_1ParserError.html" title="{_yaml_::parser::ParserError\n||}" alt="" coords="828,116,1079,143">
<area shape="rect" href="$class__yaml___1_1scanner_1_1ScannerError.html" title="{_yaml_::scanner::ScannerError\n||}" alt="" coords="819,167,1088,193">
