<area shape="rect" href="$class__yaml___1_1tokens_1_1AliasToken.html" title="{_yaml_::tokens::AliasToken\n|+ value\l+ start_mark\l+ end_mark\l+ id\l|+ __init__()\l}" alt="" coords="449,5,836,85">
<area shape="rect" href="$class__yaml___1_1tokens_1_1AnchorToken.html" title="{_yaml_::tokens::AnchorToken\n|+ value\l+ start_mark\l+ end_mark\l+ id\l|+ __init__()\l}" alt="" coords="441,109,844,189">
<area shape="rect" href="$class__yaml___1_1tokens_1_1BlockEndToken.html" title="{_yaml_::tokens::BlockEndToken\n|+ id\l|}" alt="" coords="497,213,788,240">
<area shape="rect" href="$class__yaml___1_1tokens_1_1BlockEntryToken.html" title="{_yaml_::tokens::BlockEntryToken\n|+ id\l|}" alt="" coords="492,264,793,291">
<area shape="rect" href="$class__yaml___1_1tokens_1_1BlockMappingStartToken.html" title="{_yaml_::tokens::BlockMappingStartToken\n|+ id\l|}" alt="" coords="467,315,819,341">
<area shape="rect" href="$class__yaml___1_1tokens_1_1BlockSequenceStartToken.html" title="{_yaml_::tokens::BlockSequenceStartToken\n|+ id\l|}" alt="" coords="461,365,824,392">
<area shape="rect" href="$class__yaml___1_1tokens_1_1DirectiveToken.html" title="{_yaml_::tokens::DirectiveToken\n|+ name\l+ value\l+ start_mark\l+ end_mark\l+ id\l|+ __init__()\l}" alt="" coords="435,416,851,512">
<area shape="rect" href="$class__yaml___1_1tokens_1_1DocumentEndToken.html" title="{_yaml_::tokens::DocumentEndToken\n|+ id\l|}" alt="" coords="480,536,805,563">
<area shape="rect" href="$class__yaml___1_1tokens_1_1DocumentStartToken.html" title="{_yaml_::tokens::DocumentStartToken\n|+ id\l|}" alt="" coords="476,587,809,613">
<area shape="rect" href="$class__yaml___1_1tokens_1_1FlowEntryToken.html" title="{_yaml_::tokens::FlowEntryToken\n|+ id\l|}" alt="" coords="495,637,791,664">
<area shape="rect" href="$class__yaml___1_1tokens_1_1FlowMappingEndToken.html" title="{_yaml_::tokens::FlowMappingEndToken\n|+ id\l|}" alt="" coords="472,688,813,715">
<area shape="rect" href="$class__yaml___1_1tokens_1_1FlowMappingStartToken.html" title="{_yaml_::tokens::FlowMappingStartToken\n|+ id\l|}" alt="" coords="468,739,817,765">
<area shape="rect" href="$class__yaml___1_1tokens_1_1FlowSequenceEndToken.html" title="{_yaml_::tokens::FlowSequenceEndToken\n|+ id\l|}" alt="" coords="468,789,817,816">
<area shape="rect" href="$class__yaml___1_1tokens_1_1FlowSequenceStartToken.html" title="{_yaml_::tokens::FlowSequenceStartToken\n|+ id\l|}" alt="" coords="464,840,821,867">
<area shape="rect" href="$class__yaml___1_1tokens_1_1KeyToken.html" title="{_yaml_::tokens::KeyToken\n|+ id\l|}" alt="" coords="515,891,771,917">
<area shape="rect" href="$class__yaml___1_1tokens_1_1ScalarToken.html" title="{_yaml_::tokens::ScalarToken\n|+ value\l+ plain\l+ start_mark\l+ end_mark\l+ style\l+ id\l|+ __init__()\l}" alt="" coords="444,941,841,1056">
<area shape="rect" href="$class__yaml___1_1tokens_1_1StreamEndToken.html" title="{_yaml_::tokens::StreamEndToken\n|+ id\l|}" alt="" coords="489,1080,796,1107">
<area shape="rect" href="$class__yaml___1_1tokens_1_1StreamStartToken.html" title="{_yaml_::tokens::StreamStartToken\n|+ start_mark\l+ end_mark\l+ encoding\l+ id\l|+ __init__()\l}" alt="" coords="423,1131,863,1211">
<area shape="rect" href="$class__yaml___1_1tokens_1_1TagToken.html" title="{_yaml_::tokens::TagToken\n|+ value\l+ start_mark\l+ end_mark\l+ id\l|+ __init__()\l}" alt="" coords="453,1235,832,1315">
<area shape="rect" href="$class__yaml___1_1tokens_1_1ValueToken.html" title="{_yaml_::tokens::ValueToken\n|+ id\l|}" alt="" coords="509,1339,776,1365">
