<area shape="rect" href="$class__yaml___1_1events_1_1AliasEvent.html" title="{_yaml_::events::AliasEvent\n||}" alt="" coords="983,5,1228,32">
<area shape="rect" href="$class__yaml___1_1events_1_1CollectionStartEvent.html" title="{_yaml_::events::CollectionStartEvent\n|+ anchor\l+ tag\l+ implicit\l+ start_mark\l+ end_mark\l+ flow_style\l|+ __init__()\l}" alt="" coords="876,56,1335,171">
<area shape="rect" href="$class__yaml___1_1events_1_1ScalarEvent.html" title="{_yaml_::events::ScalarEvent\n|+ anchor\l+ tag\l+ implicit\l+ value\l+ start_mark\l+ end_mark\l+ style\l|+ __init__()\l}" alt="" coords="904,195,1307,325">
<area shape="rect" href="$class__yaml___1_1events_1_1Event.html" title="{_yaml_::events::Event\n|+ start_mark\l+ end_mark\l|+ __init__()\l+ __repr__()\l}" alt="" coords="7,91,377,136">
<area shape="rect" href="$class__yaml___1_1events_1_1MappingStartEvent.html" title="{_yaml_::events::MappingStartEvent\n||}" alt="" coords="1389,75,1693,101">
<area shape="rect" href="$class__yaml___1_1events_1_1SequenceStartEvent.html" title="{_yaml_::events::SequenceStartEvent\n||}" alt="" coords="1385,125,1697,152">
