<area shape="rect" href="$class__yaml___1_1cyaml_1_1CBaseDumper.html" title="{_yaml_::cyaml::CBaseDumper\n||+ __init__()\l}" alt="" coords="679,5,1012,32">
<area shape="rect" href="$class__yaml___1_1cyaml_1_1CBaseLoader.html" title="{_yaml_::cyaml::CBaseLoader\n||+ __init__()\l}" alt="" coords="683,56,1008,83">
<area shape="rect" href="$class__yaml___1_1dumper_1_1BaseDumper.html" title="{_yaml_::dumper::BaseDumper\n||+ __init__()\l}" alt="" coords="677,107,1013,133">
<area shape="rect" href="$class__yaml___1_1loader_1_1BaseLoader.html" title="{_yaml_::loader::BaseLoader\n||+ __init__()\l}" alt="" coords="687,157,1004,184">
<area shape="rect" href="$class__yaml___1_1resolver_1_1Resolver.html" title="{_yaml_::resolver::Resolver\n||}" alt="" coords="725,208,965,235">
<area shape="rect" href="$class__yaml___1_1cyaml_1_1CDumper.html" title="{_yaml_::cyaml::CDumper\n||+ __init__()\l}" alt="" coords="1079,31,1380,57">
<area shape="rect" href="$class__yaml___1_1cyaml_1_1CLoader.html" title="{_yaml_::cyaml::CLoader\n||+ __init__()\l}" alt="" coords="1083,81,1376,108">
<area shape="rect" href="$class__yaml___1_1cyaml_1_1CSafeDumper.html" title="{_yaml_::cyaml::CSafeDumper\n||+ __init__()\l}" alt="" coords="1063,132,1396,159">
<area shape="rect" href="$class__yaml___1_1cyaml_1_1CSafeLoader.html" title="{_yaml_::cyaml::CSafeLoader\n||+ __init__()\l}" alt="" coords="1067,183,1392,209">
<area shape="rect" href="$class__yaml___1_1dumper_1_1Dumper.html" title="{_yaml_::dumper::Dumper\n||+ __init__()\l}" alt="" coords="1077,233,1381,260">
<area shape="rect" href="$class__yaml___1_1dumper_1_1SafeDumper.html" title="{_yaml_::dumper::SafeDumper\n||+ __init__()\l}" alt="" coords="1063,284,1396,311">
<area shape="rect" href="$class__yaml___1_1loader_1_1Loader.html" title="{_yaml_::loader::Loader\n||+ __init__()\l}" alt="" coords="1087,335,1372,361">
<area shape="rect" href="$class__yaml___1_1loader_1_1SafeLoader.html" title="{_yaml_::loader::SafeLoader\n||+ __init__()\l}" alt="" coords="1072,385,1387,412">
