<area shape="rect" href="$class__yaml___1_1error_1_1YAMLError.html" title="_yaml_::error::YAMLError" alt="" coords="7,157,191,184">
<area shape="rect" href="$class__yaml___1_1emitter_1_1EmitterError.html" title="_yaml_::emitter::EmitterError" alt="" coords="269,31,483,57">
<area shape="rect" href="$class__yaml___1_1error_1_1MarkedYAMLError.html" title="_yaml_::error::MarkedYAMLError" alt="" coords="260,81,492,108">
<area shape="rect" href="$class__yaml___1_1reader_1_1ReaderError.html" title="_yaml_::reader::ReaderError" alt="" coords="273,132,479,159">
<area shape="rect" href="$class__yaml___1_1representer_1_1RepresenterError.html" title="_yaml_::representer::RepresenterError" alt="" coords="240,183,512,209">
<area shape="rect" href="$class__yaml___1_1resolver_1_1ResolverError.html" title="_yaml_::resolver::ResolverError" alt="" coords="264,233,488,260">
<area shape="rect" href="$class__yaml___1_1serializer_1_1SerializerError.html" title="_yaml_::serializer::SerializerError" alt="" coords="261,284,491,311">
<area shape="rect" href="$class__yaml___1_1composer_1_1ComposerError.html" title="_yaml_::composer::ComposerError" alt="" coords="569,5,817,32">
<area shape="rect" href="$class__yaml___1_1constructor_1_1ConstructorError.html" title="_yaml_::constructor::ConstructorError" alt="" coords="560,56,827,83">
<area shape="rect" href="$class__yaml___1_1parser_1_1ParserError.html" title="_yaml_::parser::ParserError" alt="" coords="593,107,793,133">
<area shape="rect" href="$class__yaml___1_1scanner_1_1ScannerError.html" title="_yaml_::scanner::ScannerError" alt="" coords="584,157,803,184">
