<area shape="rect" href="$class__yaml___1_1constructor_1_1BaseConstructor.html" title="_yaml_::constructor::BaseConstructor" alt="" coords="9,367,273,393">
<area shape="rect" href="$class__yaml___1_1constructor_1_1SafeConstructor.html" title="_yaml_::constructor::SafeConstructor" alt="" coords="328,367,592,393">
<area shape="rect" href="$class__yaml___1_1cyaml_1_1CBaseLoader.html" title="_yaml_::cyaml::CBaseLoader" alt="" coords="659,468,867,495">
<area shape="rect" href="$class__yaml___1_1loader_1_1BaseLoader.html" title="_yaml_::loader::BaseLoader" alt="" coords="940,152,1140,179">
<area shape="rect" href="$class__yaml___1_1constructor_1_1Constructor.html" title="_yaml_::constructor::Constructor" alt="" coords="647,367,879,393">
<area shape="rect" href="$class__yaml___1_1cyaml_1_1CSafeLoader.html" title="_yaml_::cyaml::CSafeLoader" alt="" coords="936,493,1144,520">
<area shape="rect" href="$class__yaml___1_1loader_1_1SafeLoader.html" title="_yaml_::loader::SafeLoader" alt="" coords="941,228,1139,255">
<area shape="rect" href="$class__yaml___1_1cyaml_1_1CLoader.html" title="_yaml_::cyaml::CLoader" alt="" coords="952,417,1128,444">
<area shape="rect" href="$class__yaml___1_1loader_1_1Loader.html" title="_yaml_::loader::Loader" alt="" coords="956,297,1124,324">
<area shape="rect" href="$class__yaml___1_1representer_1_1BaseRepresenter.html" title="_yaml_::representer::BaseRepresenter" alt="" coords="7,671,276,697">
<area shape="rect" href="$class__yaml___1_1cyaml_1_1CBaseDumper.html" title="_yaml_::cyaml::CBaseDumper" alt="" coords="655,569,871,596">
<area shape="rect" href="$class__yaml___1_1dumper_1_1BaseDumper.html" title="_yaml_::dumper::BaseDumper" alt="" coords="931,848,1149,875">
<area shape="rect" href="$class__yaml___1_1representer_1_1SafeRepresenter.html" title="_yaml_::representer::SafeRepresenter" alt="" coords="325,671,595,697">
<area shape="rect" href="$class__yaml___1_1cyaml_1_1CSafeDumper.html" title="_yaml_::cyaml::CSafeDumper" alt="" coords="932,595,1148,621">
<area shape="rect" href="$class__yaml___1_1dumper_1_1SafeDumper.html" title="_yaml_::dumper::SafeDumper" alt="" coords="932,772,1148,799">
<area shape="rect" href="$class__yaml___1_1representer_1_1Representer.html" title="_yaml_::representer::Representer" alt="" coords="644,671,881,697">
<area shape="rect" href="$class__yaml___1_1cyaml_1_1CDumper.html" title="_yaml_::cyaml::CDumper" alt="" coords="948,671,1132,697">
<area shape="rect" href="$class__yaml___1_1dumper_1_1Dumper.html" title="_yaml_::dumper::Dumper" alt="" coords="947,721,1133,748">
<area shape="rect" href="$class__yaml___1_1resolver_1_1BaseResolver.html" title="_yaml_::resolver::BaseResolver" alt="" coords="349,519,571,545">
<area shape="rect" href="$class__yaml___1_1resolver_1_1Resolver.html" title="_yaml_::resolver::Resolver" alt="" coords="668,519,857,545">
<area shape="rect" href="$class__yaml___1_1composer_1_1Composer.html" title="_yaml_::composer::Composer" alt="" coords="656,316,869,343">
<area shape="rect" href="$class__yaml___1_1emitter_1_1Emitter.html" title="_yaml_::emitter::Emitter" alt="" coords="673,772,852,799">
<area shape="rect" href="$class__yaml___1_1parser_1_1Parser.html" title="_yaml_::parser::Parser" alt="" coords="680,113,845,140">
<area shape="rect" href="$class__yaml___1_1reader_1_1Reader.html" title="_yaml_::reader::Reader" alt="" coords="677,215,848,241">
<area shape="rect" href="$class__yaml___1_1scanner_1_1Scanner.html" title="_yaml_::scanner::Scanner" alt="" coords="669,164,856,191">
<area shape="rect" href="$class__yaml___1_1serializer_1_1Serializer.html" title="_yaml_::serializer::Serializer" alt="" coords="664,721,861,748">
