<area shape="rect" href="$class__yaml___1_1tokens_1_1Token.html" title="_yaml_::tokens::Token" alt="" coords="5,487,165,513">
<area shape="rect" href="$class__yaml___1_1tokens_1_1AliasToken.html" title="_yaml_::tokens::AliasToken" alt="" coords="264,5,453,32">
<area shape="rect" href="$class__yaml___1_1tokens_1_1AnchorToken.html" title="_yaml_::tokens::AnchorToken" alt="" coords="256,56,461,83">
<area shape="rect" href="$class__yaml___1_1tokens_1_1BlockEndToken.html" title="_yaml_::tokens::BlockEndToken" alt="" coords="249,107,468,133">
<area shape="rect" href="$class__yaml___1_1tokens_1_1BlockEntryToken.html" title="_yaml_::tokens::BlockEntryToken" alt="" coords="244,157,473,184">
<area shape="rect" href="$class__yaml___1_1tokens_1_1BlockMappingStartToken.html" title="_yaml_::tokens::BlockMappingStartToken" alt="" coords="219,208,499,235">
<area shape="rect" href="$class__yaml___1_1tokens_1_1BlockSequenceStartToken.html" title="_yaml_::tokens::BlockSequenceStartToken" alt="" coords="213,259,504,285">
<area shape="rect" href="$class__yaml___1_1tokens_1_1DirectiveToken.html" title="_yaml_::tokens::DirectiveToken" alt="" coords="251,309,467,336">
<area shape="rect" href="$class__yaml___1_1tokens_1_1DocumentEndToken.html" title="_yaml_::tokens::DocumentEndToken" alt="" coords="232,360,485,387">
<area shape="rect" href="$class__yaml___1_1tokens_1_1DocumentStartToken.html" title="_yaml_::tokens::DocumentStartToken" alt="" coords="228,411,489,437">
<area shape="rect" href="$class__yaml___1_1tokens_1_1FlowEntryToken.html" title="_yaml_::tokens::FlowEntryToken" alt="" coords="247,461,471,488">
<area shape="rect" href="$class__yaml___1_1tokens_1_1FlowMappingEndToken.html" title="_yaml_::tokens::FlowMappingEndToken" alt="" coords="224,512,493,539">
<area shape="rect" href="$class__yaml___1_1tokens_1_1FlowMappingStartToken.html" title="_yaml_::tokens::FlowMappingStartToken" alt="" coords="220,563,497,589">
<area shape="rect" href="$class__yaml___1_1tokens_1_1FlowSequenceEndToken.html" title="_yaml_::tokens::FlowSequenceEndToken" alt="" coords="220,613,497,640">
<area shape="rect" href="$class__yaml___1_1tokens_1_1FlowSequenceStartToken.html" title="_yaml_::tokens::FlowSequenceStartToken" alt="" coords="216,664,501,691">
<area shape="rect" href="$class__yaml___1_1tokens_1_1KeyToken.html" title="_yaml_::tokens::KeyToken" alt="" coords="267,715,451,741">
<area shape="rect" href="$class__yaml___1_1tokens_1_1ScalarToken.html" title="_yaml_::tokens::ScalarToken" alt="" coords="259,765,459,792">
<area shape="rect" href="$class__yaml___1_1tokens_1_1StreamEndToken.html" title="_yaml_::tokens::StreamEndToken" alt="" coords="241,816,476,843">
<area shape="rect" href="$class__yaml___1_1tokens_1_1StreamStartToken.html" title="_yaml_::tokens::StreamStartToken" alt="" coords="237,867,480,893">
<area shape="rect" href="$class__yaml___1_1tokens_1_1TagToken.html" title="_yaml_::tokens::TagToken" alt="" coords="269,917,448,944">
<area shape="rect" href="$class__yaml___1_1tokens_1_1ValueToken.html" title="_yaml_::tokens::ValueToken" alt="" coords="261,968,456,995">
