<area shape="rect" href="$class__yaml___1_1events_1_1Event.html" title="_yaml_::events::Event" alt="" coords="5,157,171,184">
<area shape="rect" href="$class__yaml___1_1events_1_1CollectionEndEvent.html" title="_yaml_::events::CollectionEndEvent" alt="" coords="225,31,479,57">
<area shape="rect" href="$class__yaml___1_1events_1_1DocumentEndEvent.html" title="_yaml_::events::DocumentEndEvent" alt="" coords="223,81,481,108">
<area shape="rect" href="$class__yaml___1_1events_1_1DocumentStartEvent.html" title="_yaml_::events::DocumentStartEvent" alt="" coords="219,132,485,159">
<area shape="rect" href="$class__yaml___1_1events_1_1NodeEvent.html" title="_yaml_::events::NodeEvent" alt="" coords="252,183,452,209">
<area shape="rect" href="$class__yaml___1_1events_1_1StreamEndEvent.html" title="_yaml_::events::StreamEndEvent" alt="" coords="232,233,472,260">
<area shape="rect" href="$class__yaml___1_1events_1_1StreamStartEvent.html" title="_yaml_::events::StreamStartEvent" alt="" coords="228,284,476,311">
<area shape="rect" href="$class__yaml___1_1events_1_1MappingEndEvent.html" title="_yaml_::events::MappingEndEvent" alt="" coords="541,5,787,32">
<area shape="rect" href="$class__yaml___1_1events_1_1SequenceEndEvent.html" title="_yaml_::events::SequenceEndEvent" alt="" coords="537,56,791,83">
<area shape="rect" href="$class__yaml___1_1events_1_1AliasEvent.html" title="_yaml_::events::AliasEvent" alt="" coords="567,132,761,159">
<area shape="rect" href="$class__yaml___1_1events_1_1CollectionStartEvent.html" title="_yaml_::events::CollectionStartEvent" alt="" coords="533,183,795,209">
<area shape="rect" href="$class__yaml___1_1events_1_1ScalarEvent.html" title="_yaml_::events::ScalarEvent" alt="" coords="561,233,767,260">
<area shape="rect" href="$class__yaml___1_1events_1_1MappingStartEvent.html" title="_yaml_::events::MappingStartEvent" alt="" coords="848,157,1101,184">
<area shape="rect" href="$class__yaml___1_1events_1_1SequenceStartEvent.html" title="_yaml_::events::SequenceStartEvent" alt="" coords="844,208,1105,235">
