<area shape="rect" href="$classapp_1_1app_1_1Application.html" title="app::app::Application" alt="" coords="5,157,160,184">
<area shape="rect" href="$classapp_1_1floorplanner_1_1floorplanner_1_1Floorplanner.html" title="app::floorplanner::floorplanner::Floorplanner" alt="" coords="208,5,512,32">
<area shape="rect" href="$classapp_1_1frogger_1_1frogger_1_1Frogger.html" title="app::frogger::frogger::Frogger" alt="" coords="253,56,467,83">
<area shape="rect" href="$classapp_1_1funcopt_1_1funcopt_1_1Funcopt.html" title="app::funcopt::funcopt::Funcopt" alt="" coords="251,107,469,133">
<area shape="rect" href="$classapp_1_1glapp_1_1glapp_1_1Glapp.html" title="app::glapp::glapp::Glapp" alt="" coords="272,157,448,184">
<area shape="rect" href="$classapp_1_1mesh_1_1mesh_1_1Mesh.html" title="app::mesh::mesh::Mesh" alt="" coords="272,208,448,235">
<area shape="rect" href="$classapp_1_1test_1_1test_1_1Test.html" title="app::test::test::Test" alt="" coords="288,259,432,285">
<area shape="rect" href="$classapp_1_1xulgui_1_1xulgui_1_1Xulgui.html" title="app::xulgui::xulgui::Xulgui" alt="" coords="269,309,451,336">
